../Core/Src/main.c:88:5:main	80	static
../Core/Src/main.c:235:6:SystemClock_Config	96	static
../Core/Src/main.c:278:13:MX_I2C1_Init	8	static
../Core/Src/main.c:331:13:MX_GPIO_Init	48	static
../Core/Src/main.c:404:9:Binary4Bit	24	static
../Core/Src/main.c:414:6:mux	24	static
../Core/Src/main.c:419:6:selectMux	24	static
../Core/Src/main.c:466:6:ADS1115_WriteConfig	40	static
../Core/Src/main.c:481:10:ADS1115_ReadConversion	24	static
../Core/Src/main.c:502:8:contDetect	40	static
../Core/Src/main.c:553:6:Error_Handler	8	static,ignoring_inline_asm
